########## cr_weight=0.0 seed=1 ##########
🚀  CuPy / GPU mode — NVIDIA GeForce RTX 5070, sm_120, 10.8/11.9 GiB free
  407,561 states | 255,363 params | seed 1 | cr_weight 0.0 | cr_points 1024
[  1/300] fit=6.2399e-01 R2=0.85777 cr=0.0000e+00 lam=0.0e+00 1s
[ 25/300] fit=1.1864e-03 R2=0.99973 cr=0.0000e+00 lam=0.0e+00 28s
[ 50/300] fit=3.3076e-04 R2=0.99992 cr=0.0000e+00 lam=0.0e+00 56s
[ 75/300] fit=1.9244e-04 R2=0.99996 cr=0.0000e+00 lam=0.0e+00 86s
[100/300] fit=1.2410e-04 R2=0.99997 cr=0.0000e+00 lam=0.0e+00 114s
[125/300] fit=5.8538e-05 R2=0.99999 cr=0.0000e+00 lam=0.0e+00 141s
[150/300] fit=4.6183e-05 R2=0.99999 cr=0.0000e+00 lam=0.0e+00 170s
[175/300] fit=2.4373e-05 R2=0.99999 cr=0.0000e+00 lam=0.0e+00 200s
[200/300] fit=1.7134e-05 R2=1.00000 cr=0.0000e+00 lam=0.0e+00 227s
[225/300] fit=1.2551e-05 R2=1.00000 cr=0.0000e+00 lam=0.0e+00 254s
[250/300] fit=9.9466e-06 R2=1.00000 cr=0.0000e+00 lam=0.0e+00 282s
[275/300] fit=8.6746e-06 R2=1.00000 cr=0.0000e+00 lam=0.0e+00 314s
[300/300] fit=8.2582e-06 R2=1.00000 cr=0.0000e+00 lam=0.0e+00 342s

Saved crx_w0.0_s1/map.npz  (342s)
########## cr_weight=1e-4 seed=1 ##########
🚀  CuPy / GPU mode — NVIDIA GeForce RTX 5070, sm_120, 10.8/11.9 GiB free
  407,561 states | 255,363 params | seed 1 | cr_weight 0.0001 | cr_points 1024
[  1/300] fit=6.2399e-01 R2=0.85777 cr=0.0000e+00 lam=0.0e+00 1s
[ 25/300] fit=1.1864e-03 R2=0.99973 cr=0.0000e+00 lam=0.0e+00 31s
[ 50/300] fit=3.3076e-04 R2=0.99992 cr=0.0000e+00 lam=0.0e+00 62s
[ 75/300] fit=1.9244e-04 R2=0.99996 cr=0.0000e+00 lam=0.0e+00 92s
[100/300] fit=1.2410e-04 R2=0.99997 cr=0.0000e+00 lam=0.0e+00 124s
[125/300] fit=5.8538e-05 R2=0.99999 cr=0.0000e+00 lam=0.0e+00 152s
[150/300] fit=4.6183e-05 R2=0.99999 cr=0.0000e+00 lam=0.0e+00 180s
[175/300] fit=2.7525e-05 R2=0.99999 cr=3.3102e-01 lam=8.3e-05 230s
[200/300] fit=1.6513e-05 R2=1.00000 cr=1.4862e-01 lam=1.0e-04 278s
[225/300] fit=1.1458e-05 R2=1.00000 cr=1.0071e-01 lam=1.0e-04 331s
[250/300] fit=8.7681e-06 R2=1.00000 cr=7.8712e-02 lam=1.0e-04 383s
[275/300] fit=7.4988e-06 R2=1.00000 cr=6.8805e-02 lam=1.0e-04 436s
[300/300] fit=7.0895e-06 R2=1.00000 cr=6.5673e-02 lam=1.0e-04 488s

Saved crx_w1e-4_s1/map.npz  (488s)
########## cr_weight=1e-3 seed=1 ##########
🚀  CuPy / GPU mode — NVIDIA GeForce RTX 5070, sm_120, 10.8/11.9 GiB free
  407,561 states | 255,363 params | seed 1 | cr_weight 0.001 | cr_points 1024
[  1/300] fit=6.2399e-01 R2=0.85777 cr=0.0000e+00 lam=0.0e+00 1s
[ 25/300] fit=1.1864e-03 R2=0.99973 cr=0.0000e+00 lam=0.0e+00 28s
[ 50/300] fit=3.3076e-04 R2=0.99992 cr=0.0000e+00 lam=0.0e+00 57s
[ 75/300] fit=1.9244e-04 R2=0.99996 cr=0.0000e+00 lam=0.0e+00 86s
[100/300] fit=1.2410e-04 R2=0.99997 cr=0.0000e+00 lam=0.0e+00 114s
[125/300] fit=5.8538e-05 R2=0.99999 cr=0.0000e+00 lam=0.0e+00 142s
[150/300] fit=4.6183e-05 R2=0.99999 cr=0.0000e+00 lam=0.0e+00 171s
[175/300] fit=3.9239e-05 R2=0.99999 cr=1.1672e-01 lam=8.3e-04 223s
[200/300] fit=2.0890e-05 R2=1.00000 cr=4.6609e-02 lam=1.0e-03 271s
[225/300] fit=1.9520e-05 R2=1.00000 cr=3.0203e-02 lam=1.0e-03 320s
[250/300] fit=1.0866e-05 R2=1.00000 cr=2.2666e-02 lam=1.0e-03 368s
[275/300] fit=9.1048e-06 R2=1.00000 cr=1.8937e-02 lam=1.0e-03 416s
[300/300] fit=8.5855e-06 R2=1.00000 cr=1.7569e-02 lam=1.0e-03 464s

Saved crx_w1e-3_s1/map.npz  (464s)
########## cr_weight=1e-2 seed=1 ##########
🚀  CuPy / GPU mode — NVIDIA GeForce RTX 5070, sm_120, 10.8/11.9 GiB free
  407,561 states | 255,363 params | seed 1 | cr_weight 0.01 | cr_points 1024
[  1/300] fit=6.2399e-01 R2=0.85777 cr=0.0000e+00 lam=0.0e+00 1s
[ 25/300] fit=1.1864e-03 R2=0.99973 cr=0.0000e+00 lam=0.0e+00 28s
[ 50/300] fit=3.3076e-04 R2=0.99992 cr=0.0000e+00 lam=0.0e+00 56s
[ 75/300] fit=1.9244e-04 R2=0.99996 cr=0.0000e+00 lam=0.0e+00 88s
[100/300] fit=1.2410e-04 R2=0.99997 cr=0.0000e+00 lam=0.0e+00 117s
[125/300] fit=5.8538e-05 R2=0.99999 cr=0.0000e+00 lam=0.0e+00 149s
[150/300] fit=4.6183e-05 R2=0.99999 cr=0.0000e+00 lam=0.0e+00 178s
[175/300] fit=7.7660e-05 R2=0.99998 cr=5.5527e-02 lam=8.3e-03 227s
[200/300] fit=4.1392e-05 R2=0.99999 cr=2.0574e-02 lam=1.0e-02 275s
[225/300] fit=2.8174e-05 R2=0.99999 cr=1.2405e-02 lam=1.0e-02 324s
[250/300] fit=2.0927e-05 R2=1.00000 cr=8.6460e-03 lam=1.0e-02 373s
[275/300] fit=1.7547e-05 R2=1.00000 cr=6.7868e-03 lam=1.0e-02 421s
[300/300] fit=1.6604e-05 R2=1.00000 cr=6.2269e-03 lam=1.0e-02 475s

Saved crx_w1e-2_s1/map.npz  (475s)
########## cr_weight=0.0 seed=2 ##########
🚀  CuPy / GPU mode — NVIDIA GeForce RTX 5070, sm_120, 10.8/11.9 GiB free
  411,510 states | 255,363 params | seed 2 | cr_weight 0.0 | cr_points 1024
[  1/300] fit=5.8832e-01 R2=0.86435 cr=0.0000e+00 lam=0.0e+00 1s
[ 25/300] fit=1.1175e-03 R2=0.99974 cr=0.0000e+00 lam=0.0e+00 29s
[ 50/300] fit=4.8334e-04 R2=0.99989 cr=0.0000e+00 lam=0.0e+00 57s
[ 75/300] fit=1.5666e-04 R2=0.99996 cr=0.0000e+00 lam=0.0e+00 85s
[100/300] fit=1.0411e-04 R2=0.99998 cr=0.0000e+00 lam=0.0e+00 115s
[125/300] fit=6.0032e-05 R2=0.99999 cr=0.0000e+00 lam=0.0e+00 143s
[150/300] fit=4.1590e-05 R2=0.99999 cr=0.0000e+00 lam=0.0e+00 172s
[175/300] fit=2.4900e-05 R2=0.99999 cr=0.0000e+00 lam=0.0e+00 200s
[200/300] fit=1.7322e-05 R2=1.00000 cr=0.0000e+00 lam=0.0e+00 230s
[225/300] fit=1.1773e-05 R2=1.00000 cr=0.0000e+00 lam=0.0e+00 258s
[250/300] fit=9.2151e-06 R2=1.00000 cr=0.0000e+00 lam=0.0e+00 287s
[275/300] fit=8.0203e-06 R2=1.00000 cr=0.0000e+00 lam=0.0e+00 317s
[300/300] fit=7.6100e-06 R2=1.00000 cr=0.0000e+00 lam=0.0e+00 349s

Saved crx_w0.0_s2/map.npz  (349s)
########## cr_weight=1e-4 seed=2 ##########
🚀  CuPy / GPU mode — NVIDIA GeForce RTX 5070, sm_120, 10.8/11.9 GiB free
  411,510 states | 255,363 params | seed 2 | cr_weight 0.0001 | cr_points 1024
[  1/300] fit=5.8832e-01 R2=0.86435 cr=0.0000e+00 lam=0.0e+00 1s
[ 25/300] fit=1.1175e-03 R2=0.99974 cr=0.0000e+00 lam=0.0e+00 29s
[ 50/300] fit=4.8334e-04 R2=0.99989 cr=0.0000e+00 lam=0.0e+00 59s
[ 75/300] fit=1.5666e-04 R2=0.99996 cr=0.0000e+00 lam=0.0e+00 91s
[100/300] fit=1.0411e-04 R2=0.99998 cr=0.0000e+00 lam=0.0e+00 122s
[125/300] fit=6.0032e-05 R2=0.99999 cr=0.0000e+00 lam=0.0e+00 151s
[150/300] fit=4.1590e-05 R2=0.99999 cr=0.0000e+00 lam=0.0e+00 179s
[175/300] fit=3.1151e-05 R2=0.99999 cr=3.0059e-01 lam=8.3e-05 229s
[200/300] fit=1.5727e-05 R2=1.00000 cr=1.3783e-01 lam=1.0e-04 277s
[225/300] fit=1.0907e-05 R2=1.00000 cr=9.3228e-02 lam=1.0e-04 326s
[250/300] fit=8.2147e-06 R2=1.00000 cr=7.2835e-02 lam=1.0e-04 378s
[275/300] fit=6.9934e-06 R2=1.00000 cr=6.2973e-02 lam=1.0e-04 432s
[300/300] fit=6.5756e-06 R2=1.00000 cr=6.0321e-02 lam=1.0e-04 484s

Saved crx_w1e-4_s2/map.npz  (484s)
########## cr_weight=1e-3 seed=2 ##########
🚀  CuPy / GPU mode — NVIDIA GeForce RTX 5070, sm_120, 10.8/11.9 GiB free
  411,510 states | 255,363 params | seed 2 | cr_weight 0.001 | cr_points 1024
[  1/300] fit=5.8832e-01 R2=0.86435 cr=0.0000e+00 lam=0.0e+00 1s
[ 25/300] fit=1.1175e-03 R2=0.99974 cr=0.0000e+00 lam=0.0e+00 29s
[ 50/300] fit=4.8334e-04 R2=0.99989 cr=0.0000e+00 lam=0.0e+00 57s
[ 75/300] fit=1.5666e-04 R2=0.99996 cr=0.0000e+00 lam=0.0e+00 88s
[100/300] fit=1.0411e-04 R2=0.99998 cr=0.0000e+00 lam=0.0e+00 116s
[125/300] fit=6.0032e-05 R2=0.99999 cr=0.0000e+00 lam=0.0e+00 144s
[150/300] fit=4.1590e-05 R2=0.99999 cr=0.0000e+00 lam=0.0e+00 173s
[175/300] fit=3.7692e-05 R2=0.99999 cr=1.0586e-01 lam=8.3e-04 228s
[200/300] fit=2.1482e-05 R2=1.00000 cr=4.4800e-02 lam=1.0e-03 278s
[225/300] fit=1.4097e-05 R2=1.00000 cr=2.8547e-02 lam=1.0e-03 334s
[250/300] fit=1.0072e-05 R2=1.00000 cr=2.0666e-02 lam=1.0e-03 385s
[275/300] fit=8.4281e-06 R2=1.00000 cr=1.7172e-02 lam=1.0e-03 434s
[300/300] fit=7.9064e-06 R2=1.00000 cr=1.6136e-02 lam=1.0e-03 484s

Saved crx_w1e-3_s2/map.npz  (484s)
########## cr_weight=1e-2 seed=2 ##########
🚀  CuPy / GPU mode — NVIDIA GeForce RTX 5070, sm_120, 10.8/11.9 GiB free
  411,510 states | 255,363 params | seed 2 | cr_weight 0.01 | cr_points 1024
[  1/300] fit=5.8832e-01 R2=0.86435 cr=0.0000e+00 lam=0.0e+00 1s
[ 25/300] fit=1.1175e-03 R2=0.99974 cr=0.0000e+00 lam=0.0e+00 29s
[ 50/300] fit=4.8334e-04 R2=0.99989 cr=0.0000e+00 lam=0.0e+00 57s
[ 75/300] fit=1.5666e-04 R2=0.99996 cr=0.0000e+00 lam=0.0e+00 90s
[100/300] fit=1.0411e-04 R2=0.99998 cr=0.0000e+00 lam=0.0e+00 119s
[125/300] fit=6.0032e-05 R2=0.99999 cr=0.0000e+00 lam=0.0e+00 151s
[150/300] fit=4.1590e-05 R2=0.99999 cr=0.0000e+00 lam=0.0e+00 182s
[175/300] fit=7.7549e-05 R2=0.99998 cr=5.5504e-02 lam=8.3e-03 236s
[200/300] fit=4.0627e-05 R2=0.99999 cr=1.9759e-02 lam=1.0e-02 292s
[225/300] fit=2.6167e-05 R2=0.99999 cr=1.1284e-02 lam=1.0e-02 348s
[250/300] fit=1.9608e-05 R2=1.00000 cr=7.6495e-03 lam=1.0e-02 405s
[275/300] fit=1.6141e-05 R2=1.00000 cr=6.0146e-03 lam=1.0e-02 461s
[300/300] fit=1.5264e-05 R2=1.00000 cr=5.5355e-03 lam=1.0e-02 517s

Saved crx_w1e-2_s2/map.npz  (517s)
