🚀  CuPy / GPU mode — NVIDIA GeForce RTX 5070, sm_120, 10.8/11.9 GiB free
Sampling real orbits...
  818,190 orbit-visited states
  target variance 4.3636
  255,363 parameters

[  1/1000] loss=3.2782e-01 R2=0.92487  2s
[  5/1000] loss=5.8550e-03 R2=0.99866  12s
[ 10/1000] loss=1.6670e-03 R2=0.99962  23s
[ 15/1000] loss=7.8805e-04 R2=0.99982  34s
[ 20/1000] loss=4.9588e-04 R2=0.99989  45s
[ 25/1000] loss=3.5239e-04 R2=0.99992  57s
[ 30/1000] loss=2.8358e-04 R2=0.99994  70s
[ 35/1000] loss=2.4662e-04 R2=0.99994  83s
[ 40/1000] loss=2.2956e-04 R2=0.99995  96s
[ 45/1000] loss=1.2736e-04 R2=0.99997  108s
[ 50/1000] loss=1.2772e-04 R2=0.99997  120s
[ 55/1000] loss=1.5357e-04 R2=0.99996  134s
[ 60/1000] loss=1.0084e-04 R2=0.99998  149s
[ 65/1000] loss=9.3373e-05 R2=0.99998  162s
[ 70/1000] loss=9.3310e-05 R2=0.99998  174s
[ 75/1000] loss=8.1250e-05 R2=0.99998  191s
[ 80/1000] loss=3.8621e-03 R2=0.99911  209s
[ 85/1000] loss=1.0208e-04 R2=0.99998  224s
[ 90/1000] loss=9.2355e-05 R2=0.99998  241s
[ 95/1000] loss=7.1359e-05 R2=0.99998  268s
[100/1000] loss=1.0388e-04 R2=0.99998  295s
[105/1000] loss=6.0356e-05 R2=0.99999  321s
[110/1000] loss=4.1009e-05 R2=0.99999  347s
[115/1000] loss=6.6566e-05 R2=0.99998  372s
[120/1000] loss=5.8288e-05 R2=0.99999  398s
[125/1000] loss=5.7856e-05 R2=0.99999  423s
[130/1000] loss=3.3444e-05 R2=0.99999  450s
[135/1000] loss=3.7737e-05 R2=0.99999  476s
[140/1000] loss=5.6143e-05 R2=0.99999  502s
[145/1000] loss=4.6285e-05 R2=0.99999  527s
[150/1000] loss=4.8047e-05 R2=0.99999  553s
[155/1000] loss=3.7925e-05 R2=0.99999  579s
[160/1000] loss=4.9258e-05 R2=0.99999  605s
[165/1000] loss=2.8764e-05 R2=0.99999  631s
[170/1000] loss=4.5958e-05 R2=0.99999  657s
[175/1000] loss=3.7294e-05 R2=0.99999  683s
[180/1000] loss=3.6679e-05 R2=0.99999  708s
[185/1000] loss=2.8866e-05 R2=0.99999  734s
[190/1000] loss=2.7252e-05 R2=0.99999  760s
[195/1000] loss=3.3578e-05 R2=0.99999  786s
[200/1000] loss=2.9081e-05 R2=0.99999  812s
[205/1000] loss=2.2493e-05 R2=0.99999  838s
[210/1000] loss=3.2609e-05 R2=0.99999  864s
[215/1000] loss=2.9984e-05 R2=0.99999  892s
[220/1000] loss=3.3852e-05 R2=0.99999  921s
[225/1000] loss=2.7851e-05 R2=0.99999  934s
[230/1000] loss=2.1208e-05 R2=1.00000  957s
[235/1000] loss=2.0294e-05 R2=1.00000  983s
[240/1000] loss=2.6686e-05 R2=0.99999  1011s
[245/1000] loss=2.1143e-05 R2=1.00000  1040s
[250/1000] loss=1.7306e-05 R2=1.00000  1064s
[255/1000] loss=2.1525e-05 R2=1.00000  1075s
[260/1000] loss=2.4327e-05 R2=0.99999  1087s
[265/1000] loss=1.7980e-05 R2=1.00000  1098s
[270/1000] loss=1.6467e-05 R2=1.00000  1116s
[275/1000] loss=1.9728e-05 R2=1.00000  1146s
[280/1000] loss=2.4206e-05 R2=0.99999  1176s
[285/1000] loss=2.2374e-05 R2=0.99999  1207s
[290/1000] loss=1.7160e-05 R2=1.00000  1236s
[295/1000] loss=1.6516e-05 R2=1.00000  1266s
[300/1000] loss=1.6919e-05 R2=1.00000  1296s
[305/1000] loss=1.7678e-05 R2=1.00000  1325s
[310/1000] loss=1.4754e-05 R2=1.00000  1355s
[315/1000] loss=1.4775e-05 R2=1.00000  1383s
[320/1000] loss=1.5943e-05 R2=1.00000  1412s
[325/1000] loss=1.8736e-05 R2=1.00000  1442s
[330/1000] loss=1.6430e-05 R2=1.00000  1471s
[335/1000] loss=1.2204e-05 R2=1.00000  1500s
[340/1000] loss=1.4154e-05 R2=1.00000  1529s
[345/1000] loss=1.2874e-05 R2=1.00000  1558s
[350/1000] loss=1.3199e-05 R2=1.00000  1587s
[355/1000] loss=1.1273e-05 R2=1.00000  1616s
[360/1000] loss=1.1590e-05 R2=1.00000  1645s
[365/1000] loss=1.8054e-05 R2=1.00000  1673s
[370/1000] loss=1.1610e-05 R2=1.00000  1702s
[375/1000] loss=1.3839e-05 R2=1.00000  1731s
[380/1000] loss=1.1823e-05 R2=1.00000  1760s
[385/1000] loss=1.2429e-05 R2=1.00000  1789s
[390/1000] loss=9.3187e-06 R2=1.00000  1817s
[395/1000] loss=9.1356e-06 R2=1.00000  1846s
[400/1000] loss=1.0369e-05 R2=1.00000  1874s
[405/1000] loss=1.2630e-05 R2=1.00000  1903s
[410/1000] loss=1.3037e-05 R2=1.00000  1931s
[415/1000] loss=1.0301e-05 R2=1.00000  1960s
[420/1000] loss=9.1104e-06 R2=1.00000  1988s
[425/1000] loss=8.4132e-06 R2=1.00000  2017s
[430/1000] loss=9.9891e-06 R2=1.00000  2046s
[435/1000] loss=9.7491e-06 R2=1.00000  2075s
[440/1000] loss=8.4002e-06 R2=1.00000  2104s
[445/1000] loss=9.3769e-06 R2=1.00000  2133s
[450/1000] loss=6.8476e-06 R2=1.00000  2162s
[455/1000] loss=7.3500e-06 R2=1.00000  2191s
[460/1000] loss=6.8465e-06 R2=1.00000  2219s
[465/1000] loss=6.9438e-06 R2=1.00000  2248s
[470/1000] loss=5.4764e-06 R2=1.00000  2277s
[475/1000] loss=5.6678e-06 R2=1.00000  2306s
[480/1000] loss=8.1739e-06 R2=1.00000  2335s
[485/1000] loss=5.6013e-06 R2=1.00000  2364s
[490/1000] loss=5.1845e-06 R2=1.00000  2393s
[495/1000] loss=5.8453e-06 R2=1.00000  2421s
[500/1000] loss=5.3429e-06 R2=1.00000  2450s
[505/1000] loss=5.2688e-06 R2=1.00000  2480s
[510/1000] loss=5.7477e-06 R2=1.00000  2508s
[515/1000] loss=5.6323e-06 R2=1.00000  2538s
[520/1000] loss=4.9932e-06 R2=1.00000  2568s
[525/1000] loss=3.6131e-06 R2=1.00000  2597s
[530/1000] loss=3.7095e-06 R2=1.00000  2627s
[535/1000] loss=4.2946e-06 R2=1.00000  2656s
[540/1000] loss=5.8966e-06 R2=1.00000  2685s
[545/1000] loss=4.6236e-06 R2=1.00000  2714s
[550/1000] loss=3.2049e-06 R2=1.00000  2743s
[555/1000] loss=3.7509e-06 R2=1.00000  2772s
[560/1000] loss=4.1961e-06 R2=1.00000  2801s
[565/1000] loss=3.4401e-06 R2=1.00000  2829s
[570/1000] loss=5.3154e-06 R2=1.00000  2858s
[575/1000] loss=3.7566e-06 R2=1.00000  2886s
[580/1000] loss=3.2880e-06 R2=1.00000  2915s
[585/1000] loss=2.6355e-06 R2=1.00000  2944s
[590/1000] loss=2.3254e-06 R2=1.00000  2973s
[595/1000] loss=2.4402e-06 R2=1.00000  3002s
[600/1000] loss=2.8206e-06 R2=1.00000  3032s
[605/1000] loss=2.5286e-06 R2=1.00000  3062s
[610/1000] loss=1.9822e-06 R2=1.00000  3091s
[615/1000] loss=2.4562e-06 R2=1.00000  3121s
[620/1000] loss=2.5115e-06 R2=1.00000  3151s
[625/1000] loss=2.1532e-06 R2=1.00000  3181s
[630/1000] loss=2.4924e-06 R2=1.00000  3211s
[635/1000] loss=2.4711e-06 R2=1.00000  3241s
[640/1000] loss=1.5860e-06 R2=1.00000  3272s
[645/1000] loss=1.5480e-06 R2=1.00000  3301s
[650/1000] loss=1.7748e-06 R2=1.00000  3330s
[655/1000] loss=1.7407e-06 R2=1.00000  3359s
[660/1000] loss=1.6335e-06 R2=1.00000  3388s
[665/1000] loss=1.3529e-06 R2=1.00000  3418s
[670/1000] loss=1.5573e-06 R2=1.00000  3448s
[675/1000] loss=1.8472e-06 R2=1.00000  3478s
[680/1000] loss=1.2929e-06 R2=1.00000  3507s
[685/1000] loss=1.6706e-06 R2=1.00000  3537s
[690/1000] loss=1.2399e-06 R2=1.00000  3566s
[695/1000] loss=1.1310e-06 R2=1.00000  3597s
[700/1000] loss=1.0495e-06 R2=1.00000  3628s
[705/1000] loss=1.1224e-06 R2=1.00000  3658s
[710/1000] loss=1.1577e-06 R2=1.00000  3688s
[715/1000] loss=1.1159e-06 R2=1.00000  3717s
[720/1000] loss=9.5626e-07 R2=1.00000  3746s
[725/1000] loss=8.7140e-07 R2=1.00000  3772s
[730/1000] loss=9.6268e-07 R2=1.00000  3783s
[735/1000] loss=8.9375e-07 R2=1.00000  3794s
[740/1000] loss=9.0041e-07 R2=1.00000  3811s
[745/1000] loss=7.6602e-07 R2=1.00000  3839s
[750/1000] loss=8.0607e-07 R2=1.00000  3867s
[755/1000] loss=7.0289e-07 R2=1.00000  3896s
[760/1000] loss=6.9400e-07 R2=1.00000  3926s
[765/1000] loss=6.9093e-07 R2=1.00000  3956s
[770/1000] loss=7.1521e-07 R2=1.00000  3985s
[775/1000] loss=6.1428e-07 R2=1.00000  4016s
[780/1000] loss=6.1793e-07 R2=1.00000  4045s
[785/1000] loss=5.9506e-07 R2=1.00000  4074s
[790/1000] loss=5.6600e-07 R2=1.00000  4103s
[795/1000] loss=5.8162e-07 R2=1.00000  4132s
[800/1000] loss=4.9852e-07 R2=1.00000  4161s
[805/1000] loss=4.9212e-07 R2=1.00000  4191s
[810/1000] loss=4.9461e-07 R2=1.00000  4220s
[815/1000] loss=4.4463e-07 R2=1.00000  4249s
[820/1000] loss=4.3551e-07 R2=1.00000  4278s
[825/1000] loss=4.1591e-07 R2=1.00000  4309s
[830/1000] loss=4.2955e-07 R2=1.00000  4337s
[835/1000] loss=3.9445e-07 R2=1.00000  4366s
[840/1000] loss=3.8275e-07 R2=1.00000  4394s
[845/1000] loss=3.7367e-07 R2=1.00000  4423s
[850/1000] loss=3.5687e-07 R2=1.00000  4452s
[855/1000] loss=3.5414e-07 R2=1.00000  4481s
[860/1000] loss=3.4412e-07 R2=1.00000  4511s
[865/1000] loss=3.3190e-07 R2=1.00000  4541s
[870/1000] loss=3.2563e-07 R2=1.00000  4572s
[875/1000] loss=3.1745e-07 R2=1.00000  4601s
[880/1000] loss=3.1567e-07 R2=1.00000  4630s
[885/1000] loss=3.0608e-07 R2=1.00000  4659s
[890/1000] loss=3.0053e-07 R2=1.00000  4688s
[895/1000] loss=2.9402e-07 R2=1.00000  4715s
[900/1000] loss=2.8845e-07 R2=1.00000  4744s
[905/1000] loss=2.8278e-07 R2=1.00000  4770s
[910/1000] loss=2.7794e-07 R2=1.00000  4781s
[915/1000] loss=2.7283e-07 R2=1.00000  4793s
[920/1000] loss=2.6840e-07 R2=1.00000  4805s
[925/1000] loss=2.6695e-07 R2=1.00000  4817s
[930/1000] loss=2.6195e-07 R2=1.00000  4829s
[935/1000] loss=2.5855e-07 R2=1.00000  4849s
[940/1000] loss=2.5632e-07 R2=1.00000  4878s
[945/1000] loss=2.5301e-07 R2=1.00000  4907s
[950/1000] loss=2.5029e-07 R2=1.00000  4936s
[955/1000] loss=2.4843e-07 R2=1.00000  4965s
[960/1000] loss=2.4589e-07 R2=1.00000  4994s
[965/1000] loss=2.4429e-07 R2=1.00000  5023s
[970/1000] loss=2.4231e-07 R2=1.00000  5052s
[975/1000] loss=2.4121e-07 R2=1.00000  5081s
[980/1000] loss=2.3959e-07 R2=1.00000  5109s
[985/1000] loss=2.3876e-07 R2=1.00000  5138s
[990/1000] loss=2.3809e-07 R2=1.00000  5167s
[995/1000] loss=2.3747e-07 R2=1.00000  5196s
[1000/1000] loss=2.3724e-07 R2=1.00000  5224s

Saved dyn_w26/map.npz

Rendering the network's own Mandelbrot set...
  iterating the LEARNED map, w=2.0...
  interior IoU            : 0.9651
  escape-time MAE         : 0.0054
  set disagreement        : 0.58% of plane
  wrote dyn_w26/neural_mandelbrot.png and neural_julia.png
