🚀  CuPy / GPU mode — NVIDIA GeForce RTX 5070, sm_120, 10.8/11.9 GiB free

Generating 300,000 branch-cut samples...
Dataset complete in 2.2s | inside=19.27% | slow boundary=14.61%
params 365,186 | interior weight 4.19
[  1/300] loss=0.864294 lr=3.00e-04 2s
[  5/300] loss=0.304350 lr=3.00e-04 9s
[ 10/300] loss=0.194565 lr=2.99e-04 15s
[ 15/300] loss=0.142890 lr=2.98e-04 22s
[ 20/300] loss=0.111068 lr=2.97e-04 32s
[ 25/300] loss=0.090244 lr=2.95e-04 38s
[ 30/300] loss=0.076806 lr=2.93e-04 45s
[ 35/300] loss=0.066053 lr=2.90e-04 51s
[ 40/300] loss=0.058809 lr=2.87e-04 57s
[ 45/300] loss=0.050728 lr=2.84e-04 69s
[ 50/300] loss=0.049687 lr=2.80e-04 82s
[ 55/300] loss=0.043990 lr=2.76e-04 94s
[ 60/300] loss=0.042285 lr=2.71e-04 107s
[ 65/300] loss=0.038326 lr=2.67e-04 119s
[ 70/300] loss=0.036938 lr=2.62e-04 132s
[ 75/300] loss=0.034586 lr=2.56e-04 144s
[ 80/300] loss=0.032226 lr=2.51e-04 156s
[ 85/300] loss=0.030576 lr=2.45e-04 168s
[ 90/300] loss=0.029330 lr=2.38e-04 180s
[ 95/300] loss=0.027781 lr=2.32e-04 192s
[100/300] loss=0.026750 lr=2.25e-04 204s
[105/300] loss=0.024500 lr=2.18e-04 216s
[110/300] loss=0.023974 lr=2.11e-04 228s
[115/300] loss=0.023120 lr=2.04e-04 241s
[120/300] loss=0.022113 lr=1.97e-04 253s
[125/300] loss=0.021020 lr=1.89e-04 265s
[130/300] loss=0.020102 lr=1.82e-04 278s
[135/300] loss=0.019042 lr=1.74e-04 290s
[140/300] loss=0.018443 lr=1.66e-04 302s
[145/300] loss=0.017483 lr=1.58e-04 314s
[150/300] loss=0.016652 lr=1.50e-04 326s
[155/300] loss=0.015902 lr=1.43e-04 338s
[160/300] loss=0.015210 lr=1.35e-04 350s
[165/300] loss=0.014732 lr=1.27e-04 363s
[170/300] loss=0.013914 lr=1.19e-04 375s
[175/300] loss=0.013592 lr=1.12e-04 387s
[180/300] loss=0.012876 lr=1.04e-04 399s
[185/300] loss=0.012475 lr=9.69e-05 411s
[190/300] loss=0.011726 lr=8.97e-05 423s
[195/300] loss=0.011328 lr=8.26e-05 435s
[200/300] loss=0.010846 lr=7.57e-05 447s
[205/300] loss=0.010411 lr=6.91e-05 459s
[210/300] loss=0.010063 lr=6.26e-05 472s
[215/300] loss=0.009714 lr=5.64e-05 484s
[220/300] loss=0.009302 lr=5.05e-05 496s
[225/300] loss=0.009132 lr=4.48e-05 508s
[230/300] loss=0.008693 lr=3.94e-05 520s
[235/300] loss=0.008500 lr=3.43e-05 532s
[240/300] loss=0.008303 lr=2.96e-05 544s
[245/300] loss=0.008072 lr=2.51e-05 556s
[250/300] loss=0.007807 lr=2.10e-05 568s
[255/300] loss=0.007687 lr=1.73e-05 580s
[260/300] loss=0.007529 lr=1.39e-05 592s
[265/300] loss=0.007393 lr=1.09e-05 605s
[270/300] loss=0.007295 lr=8.32e-06 617s
[275/300] loss=0.007184 lr=6.09e-06 629s
[280/300] loss=0.007107 lr=4.27e-06 641s
[285/300] loss=0.007040 lr=2.84e-06 653s
[290/300] loss=0.007039 lr=1.82e-06 665s
[295/300] loss=0.007003 lr=1.20e-06 677s
[300/300] loss=0.007024 lr=1.00e-06 690s
DONE 690s -> run_film/model.npz

EMBEDDING CURVE (trained)
  curve shape       : (401, 1152)  (3 blocks x 2 x 192 dims)
  arc-length speed  : mean 2.1667  std 0.2895  median 2.1356
     w       speed   x median
     2      3.2337      1.51x   
     3      2.9117      1.36x   
     4      2.8173      1.32x   LOCAL PEAK
     5      2.9582      1.39x   
     6      2.5370      1.19x   

  integer local peaks: 1/5
  -> no integer structure; the curve is smooth. Also a result.
  wrote run_film/embedding_curve.png
